// Jest Snapshot v1, https://goo.gl/fbAQLP

exports[`should render correctly Cars component 1`] = `
<div>
  <div
    class="car-not-found"
  >
    No cars found
  </div>
</div>
`;
